 0 ZSirius  finish   - Total Allreduce Bytes       1
 0 ZSirius  finish   - Total Allreduce Count       1
 1 ZSirius  finish   - Total Allreduce Bytes       1
 1 ZSirius  finish   - Total Allreduce Count       1
 2 ZSirius  finish   - Total Allreduce Bytes       1
 2 ZSirius  finish   - Total Allreduce Count       1
 3 ZSirius  finish   - Total Allreduce Bytes       1
 3 ZSirius  finish   - Total Allreduce Count       1
 4 ZSirius  finish   - Total Allreduce Bytes       1
 4 ZSirius  finish   - Total Allreduce Count       1
 5 ZSirius  finish   - Total Allreduce Bytes       1
 5 ZSirius  finish   - Total Allreduce Count       1
 6 ZSirius  finish   - Total Allreduce Bytes       1
 6 ZSirius  finish   - Total Allreduce Count       1
 7 ZSirius  finish   - Total Allreduce Bytes       1
 7 ZSirius  finish   - Total Allreduce Count       1
 8 ZSirius  finish   - Total Allreduce Bytes       1
 8 ZSirius  finish   - Total Allreduce Count       1
 9 ZSirius  finish   - Total Allreduce Bytes       1
 9 ZSirius  finish   - Total Allreduce Count       1
 10 ZSirius  finish   - Total Allreduce Bytes       1
 10 ZSirius  finish   - Total Allreduce Count       1
 11 ZSirius  finish   - Total Allreduce Bytes       1
 11 ZSirius  finish   - Total Allreduce Count       1
 12 ZSirius  finish   - Total Allreduce Bytes       1
 12 ZSirius  finish   - Total Allreduce Count       1
 13 ZSirius  finish   - Total Allreduce Bytes       1
 13 ZSirius  finish   - Total Allreduce Count       1
 14 ZSirius  finish   - Total Allreduce Bytes       1
 14 ZSirius  finish   - Total Allreduce Count       1
 15 ZSirius  finish   - Total Allreduce Bytes       1
 15 ZSirius  finish   - Total Allreduce Count       1
 16 ZSirius  finish   - Total Allreduce Bytes       1
 16 ZSirius  finish   - Total Allreduce Count       1
 17 ZSirius  finish   - Total Allreduce Bytes       1
 17 ZSirius  finish   - Total Allreduce Count       1
 18 ZSirius  finish   - Total Allreduce Bytes       1
 18 ZSirius  finish   - Total Allreduce Count       1
 19 ZSirius  finish   - Total Allreduce Bytes       1
 19 ZSirius  finish   - Total Allreduce Count       1
 20 ZSirius  finish   - Total Allreduce Bytes       1
 20 ZSirius  finish   - Total Allreduce Count       1
 21 ZSirius  finish   - Total Allreduce Bytes       1
 21 ZSirius  finish   - Total Allreduce Count       1
 22 ZSirius  finish   - Total Allreduce Bytes       1
 22 ZSirius  finish   - Total Allreduce Count       1
 23 ZSirius  finish   - Total Allreduce Bytes       1
 23 ZSirius  finish   - Total Allreduce Count       1
 24 ZSirius  finish   - Total Allreduce Bytes       1
 24 ZSirius  finish   - Total Allreduce Count       1
 25 ZSirius  finish   - Total Allreduce Bytes       1
 25 ZSirius  finish   - Total Allreduce Count       1
 26 ZSirius  finish   - Total Allreduce Bytes       1
 26 ZSirius  finish   - Total Allreduce Count       1
