 0 ZSirius  finish   - Total Allreduce Bytes       1
 0 ZSirius  finish   - Total Allreduce Count       1
 1 ZSirius  finish   - Total Allreduce Bytes       1
 1 ZSirius  finish   - Total Allreduce Count       1
 2 ZSirius  finish   - Total Allreduce Bytes       1
 2 ZSirius  finish   - Total Allreduce Count       1
 3 ZSirius  finish   - Total Allreduce Bytes       1
 3 ZSirius  finish   - Total Allreduce Count       1
 4 ZSirius  finish   - Total Allreduce Bytes       1
 4 ZSirius  finish   - Total Allreduce Count       1
 5 ZSirius  finish   - Total Allreduce Bytes       1
 5 ZSirius  finish   - Total Allreduce Count       1
 6 ZSirius  finish   - Total Allreduce Bytes       1
 6 ZSirius  finish   - Total Allreduce Count       1
 7 ZSirius  finish   - Total Allreduce Bytes       1
 7 ZSirius  finish   - Total Allreduce Count       1
 8 ZSirius  finish   - Total Allreduce Bytes       1
 8 ZSirius  finish   - Total Allreduce Count       1
 9 ZSirius  finish   - Total Allreduce Bytes       1
 9 ZSirius  finish   - Total Allreduce Count       1
 10 ZSirius  finish   - Total Allreduce Bytes       1
 10 ZSirius  finish   - Total Allreduce Count       1
 11 ZSirius  finish   - Total Allreduce Bytes       1
 11 ZSirius  finish   - Total Allreduce Count       1
 12 ZSirius  finish   - Total Allreduce Bytes       1
 12 ZSirius  finish   - Total Allreduce Count       1
 13 ZSirius  finish   - Total Allreduce Bytes       1
 13 ZSirius  finish   - Total Allreduce Count       1
 14 ZSirius  finish   - Total Allreduce Bytes       1
 14 ZSirius  finish   - Total Allreduce Count       1
 15 ZSirius  finish   - Total Allreduce Bytes       1
 15 ZSirius  finish   - Total Allreduce Count       1
