 0 ZSirius  finish   - Total Allreduce Bytes       1
 0 ZSirius  finish   - Total Allreduce Count       1
 1 ZSirius  finish   - Total Allreduce Bytes       1
 1 ZSirius  finish   - Total Allreduce Count       1
 2 ZSirius  finish   - Total Allreduce Bytes       1
 2 ZSirius  finish   - Total Allreduce Count       1
 3 ZSirius  finish   - Total Allreduce Bytes       1
 3 ZSirius  finish   - Total Allreduce Count       1
 4 ZSirius  finish   - Total Allreduce Bytes       1
 4 ZSirius  finish   - Total Allreduce Count       1
 5 ZSirius  finish   - Total Allreduce Bytes       1
 5 ZSirius  finish   - Total Allreduce Count       1
 6 ZSirius  finish   - Total Allreduce Bytes       1
 6 ZSirius  finish   - Total Allreduce Count       1
 7 ZSirius  finish   - Total Allreduce Bytes       1
 7 ZSirius  finish   - Total Allreduce Count       1
 8 ZSirius  finish   - Total Allreduce Bytes       1
 8 ZSirius  finish   - Total Allreduce Count       1
 9 ZSirius  finish   - Total Allreduce Bytes       1
 9 ZSirius  finish   - Total Allreduce Count       1
 10 ZSirius  finish   - Total Allreduce Bytes       1
 10 ZSirius  finish   - Total Allreduce Count       1
 11 ZSirius  finish   - Total Allreduce Bytes       1
 11 ZSirius  finish   - Total Allreduce Count       1
 12 ZSirius  finish   - Total Allreduce Bytes       1
 12 ZSirius  finish   - Total Allreduce Count       1
 13 ZSirius  finish   - Total Allreduce Bytes       1
 13 ZSirius  finish   - Total Allreduce Count       1
 14 ZSirius  finish   - Total Allreduce Bytes       1
 14 ZSirius  finish   - Total Allreduce Count       1
 15 ZSirius  finish   - Total Allreduce Bytes       1
 15 ZSirius  finish   - Total Allreduce Count       1
 16 ZSirius  finish   - Total Allreduce Bytes       1
 16 ZSirius  finish   - Total Allreduce Count       1
 17 ZSirius  finish   - Total Allreduce Bytes       1
 17 ZSirius  finish   - Total Allreduce Count       1
 18 ZSirius  finish   - Total Allreduce Bytes       1
 18 ZSirius  finish   - Total Allreduce Count       1
 19 ZSirius  finish   - Total Allreduce Bytes       1
 19 ZSirius  finish   - Total Allreduce Count       1
 20 ZSirius  finish   - Total Allreduce Bytes       1
 20 ZSirius  finish   - Total Allreduce Count       1
 21 ZSirius  finish   - Total Allreduce Bytes       1
 21 ZSirius  finish   - Total Allreduce Count       1
 22 ZSirius  finish   - Total Allreduce Bytes       1
 22 ZSirius  finish   - Total Allreduce Count       1
 23 ZSirius  finish   - Total Allreduce Bytes       1
 23 ZSirius  finish   - Total Allreduce Count       1
 24 ZSirius  finish   - Total Allreduce Bytes       1
 24 ZSirius  finish   - Total Allreduce Count       1
 25 ZSirius  finish   - Total Allreduce Bytes       1
 25 ZSirius  finish   - Total Allreduce Count       1
 26 ZSirius  finish   - Total Allreduce Bytes       1
 26 ZSirius  finish   - Total Allreduce Count       1
 27 ZSirius  finish   - Total Allreduce Bytes       1
 27 ZSirius  finish   - Total Allreduce Count       1
 28 ZSirius  finish   - Total Allreduce Bytes       1
 28 ZSirius  finish   - Total Allreduce Count       1
 29 ZSirius  finish   - Total Allreduce Bytes       1
 29 ZSirius  finish   - Total Allreduce Count       1
 30 ZSirius  finish   - Total Allreduce Bytes       1
 30 ZSirius  finish   - Total Allreduce Count       1
 31 ZSirius  finish   - Total Allreduce Bytes       1
 31 ZSirius  finish   - Total Allreduce Count       1
 32 ZSirius  finish   - Total Allreduce Bytes       1
 32 ZSirius  finish   - Total Allreduce Count       1
 33 ZSirius  finish   - Total Allreduce Bytes       1
 33 ZSirius  finish   - Total Allreduce Count       1
 34 ZSirius  finish   - Total Allreduce Bytes       1
 34 ZSirius  finish   - Total Allreduce Count       1
 35 ZSirius  finish   - Total Allreduce Bytes       1
 35 ZSirius  finish   - Total Allreduce Count       1
 36 ZSirius  finish   - Total Allreduce Bytes       1
 36 ZSirius  finish   - Total Allreduce Count       1
 37 ZSirius  finish   - Total Allreduce Bytes       1
 37 ZSirius  finish   - Total Allreduce Count       1
 38 ZSirius  finish   - Total Allreduce Bytes       1
 38 ZSirius  finish   - Total Allreduce Count       1
 39 ZSirius  finish   - Total Allreduce Bytes       1
 39 ZSirius  finish   - Total Allreduce Count       1
 40 ZSirius  finish   - Total Allreduce Bytes       1
 40 ZSirius  finish   - Total Allreduce Count       1
 41 ZSirius  finish   - Total Allreduce Bytes       1
 41 ZSirius  finish   - Total Allreduce Count       1
 42 ZSirius  finish   - Total Allreduce Bytes       1
 42 ZSirius  finish   - Total Allreduce Count       1
 43 ZSirius  finish   - Total Allreduce Bytes       1
 43 ZSirius  finish   - Total Allreduce Count       1
 44 ZSirius  finish   - Total Allreduce Bytes       1
 44 ZSirius  finish   - Total Allreduce Count       1
 45 ZSirius  finish   - Total Allreduce Bytes       1
 45 ZSirius  finish   - Total Allreduce Count       1
 46 ZSirius  finish   - Total Allreduce Bytes       1
 46 ZSirius  finish   - Total Allreduce Count       1
 47 ZSirius  finish   - Total Allreduce Bytes       1
 47 ZSirius  finish   - Total Allreduce Count       1
 48 ZSirius  finish   - Total Allreduce Bytes       1
 48 ZSirius  finish   - Total Allreduce Count       1
 49 ZSirius  finish   - Total Allreduce Bytes       1
 49 ZSirius  finish   - Total Allreduce Count       1
 50 ZSirius  finish   - Total Allreduce Bytes       1
 50 ZSirius  finish   - Total Allreduce Count       1
 51 ZSirius  finish   - Total Allreduce Bytes       1
 51 ZSirius  finish   - Total Allreduce Count       1
 52 ZSirius  finish   - Total Allreduce Bytes       1
 52 ZSirius  finish   - Total Allreduce Count       1
 53 ZSirius  finish   - Total Allreduce Bytes       1
 53 ZSirius  finish   - Total Allreduce Count       1
 54 ZSirius  finish   - Total Allreduce Bytes       1
 54 ZSirius  finish   - Total Allreduce Count       1
 55 ZSirius  finish   - Total Allreduce Bytes       1
 55 ZSirius  finish   - Total Allreduce Count       1
 56 ZSirius  finish   - Total Allreduce Bytes       1
 56 ZSirius  finish   - Total Allreduce Count       1
 57 ZSirius  finish   - Total Allreduce Bytes       1
 57 ZSirius  finish   - Total Allreduce Count       1
 58 ZSirius  finish   - Total Allreduce Bytes       1
 58 ZSirius  finish   - Total Allreduce Count       1
 59 ZSirius  finish   - Total Allreduce Bytes       1
 59 ZSirius  finish   - Total Allreduce Count       1
 60 ZSirius  finish   - Total Allreduce Bytes       1
 60 ZSirius  finish   - Total Allreduce Count       1
 61 ZSirius  finish   - Total Allreduce Bytes       1
 61 ZSirius  finish   - Total Allreduce Count       1
 62 ZSirius  finish   - Total Allreduce Bytes       1
 62 ZSirius  finish   - Total Allreduce Count       1
 63 ZSirius  finish   - Total Allreduce Bytes       1
 63 ZSirius  finish   - Total Allreduce Count       1
 64 ZSirius  finish   - Total Allreduce Bytes       1
 64 ZSirius  finish   - Total Allreduce Count       1
 65 ZSirius  finish   - Total Allreduce Bytes       1
 65 ZSirius  finish   - Total Allreduce Count       1
 66 ZSirius  finish   - Total Allreduce Bytes       1
 66 ZSirius  finish   - Total Allreduce Count       1
 67 ZSirius  finish   - Total Allreduce Bytes       1
 67 ZSirius  finish   - Total Allreduce Count       1
 68 ZSirius  finish   - Total Allreduce Bytes       1
 68 ZSirius  finish   - Total Allreduce Count       1
 69 ZSirius  finish   - Total Allreduce Bytes       1
 69 ZSirius  finish   - Total Allreduce Count       1
 70 ZSirius  finish   - Total Allreduce Bytes       1
 70 ZSirius  finish   - Total Allreduce Count       1
 71 ZSirius  finish   - Total Allreduce Bytes       1
 71 ZSirius  finish   - Total Allreduce Count       1
 72 ZSirius  finish   - Total Allreduce Bytes       1
 72 ZSirius  finish   - Total Allreduce Count       1
 73 ZSirius  finish   - Total Allreduce Bytes       1
 73 ZSirius  finish   - Total Allreduce Count       1
 74 ZSirius  finish   - Total Allreduce Bytes       1
 74 ZSirius  finish   - Total Allreduce Count       1
 75 ZSirius  finish   - Total Allreduce Bytes       1
 75 ZSirius  finish   - Total Allreduce Count       1
 76 ZSirius  finish   - Total Allreduce Bytes       1
 76 ZSirius  finish   - Total Allreduce Count       1
 77 ZSirius  finish   - Total Allreduce Bytes       1
 77 ZSirius  finish   - Total Allreduce Count       1
 78 ZSirius  finish   - Total Allreduce Bytes       1
 78 ZSirius  finish   - Total Allreduce Count       1
 79 ZSirius  finish   - Total Allreduce Bytes       1
 79 ZSirius  finish   - Total Allreduce Count       1
 80 ZSirius  finish   - Total Allreduce Bytes       1
 80 ZSirius  finish   - Total Allreduce Count       1
 81 ZSirius  finish   - Total Allreduce Bytes       1
 81 ZSirius  finish   - Total Allreduce Count       1
 82 ZSirius  finish   - Total Allreduce Bytes       1
 82 ZSirius  finish   - Total Allreduce Count       1
 83 ZSirius  finish   - Total Allreduce Bytes       1
 83 ZSirius  finish   - Total Allreduce Count       1
 84 ZSirius  finish   - Total Allreduce Bytes       1
 84 ZSirius  finish   - Total Allreduce Count       1
 85 ZSirius  finish   - Total Allreduce Bytes       1
 85 ZSirius  finish   - Total Allreduce Count       1
 86 ZSirius  finish   - Total Allreduce Bytes       1
 86 ZSirius  finish   - Total Allreduce Count       1
 87 ZSirius  finish   - Total Allreduce Bytes       1
 87 ZSirius  finish   - Total Allreduce Count       1
 88 ZSirius  finish   - Total Allreduce Bytes       1
 88 ZSirius  finish   - Total Allreduce Count       1
 89 ZSirius  finish   - Total Allreduce Bytes       1
 89 ZSirius  finish   - Total Allreduce Count       1
 90 ZSirius  finish   - Total Allreduce Bytes       1
 90 ZSirius  finish   - Total Allreduce Count       1
 91 ZSirius  finish   - Total Allreduce Bytes       1
 91 ZSirius  finish   - Total Allreduce Count       1
 92 ZSirius  finish   - Total Allreduce Bytes       1
 92 ZSirius  finish   - Total Allreduce Count       1
 93 ZSirius  finish   - Total Allreduce Bytes       1
 93 ZSirius  finish   - Total Allreduce Count       1
 94 ZSirius  finish   - Total Allreduce Bytes       1
 94 ZSirius  finish   - Total Allreduce Count       1
 95 ZSirius  finish   - Total Allreduce Bytes       1
 95 ZSirius  finish   - Total Allreduce Count       1
 96 ZSirius  finish   - Total Allreduce Bytes       1
 96 ZSirius  finish   - Total Allreduce Count       1
 97 ZSirius  finish   - Total Allreduce Bytes       1
 97 ZSirius  finish   - Total Allreduce Count       1
 98 ZSirius  finish   - Total Allreduce Bytes       1
 98 ZSirius  finish   - Total Allreduce Count       1
 99 ZSirius  finish   - Total Allreduce Bytes       1
 99 ZSirius  finish   - Total Allreduce Count       1
 100 ZSirius  finish   - Total Allreduce Bytes       1
 100 ZSirius  finish   - Total Allreduce Count       1
 101 ZSirius  finish   - Total Allreduce Bytes       1
 101 ZSirius  finish   - Total Allreduce Count       1
 102 ZSirius  finish   - Total Allreduce Bytes       1
 102 ZSirius  finish   - Total Allreduce Count       1
 103 ZSirius  finish   - Total Allreduce Bytes       1
 103 ZSirius  finish   - Total Allreduce Count       1
 104 ZSirius  finish   - Total Allreduce Bytes       1
 104 ZSirius  finish   - Total Allreduce Count       1
 105 ZSirius  finish   - Total Allreduce Bytes       1
 105 ZSirius  finish   - Total Allreduce Count       1
 106 ZSirius  finish   - Total Allreduce Bytes       1
 106 ZSirius  finish   - Total Allreduce Count       1
 107 ZSirius  finish   - Total Allreduce Bytes       1
 107 ZSirius  finish   - Total Allreduce Count       1
 108 ZSirius  finish   - Total Allreduce Bytes       1
 108 ZSirius  finish   - Total Allreduce Count       1
 109 ZSirius  finish   - Total Allreduce Bytes       1
 109 ZSirius  finish   - Total Allreduce Count       1
 110 ZSirius  finish   - Total Allreduce Bytes       1
 110 ZSirius  finish   - Total Allreduce Count       1
 111 ZSirius  finish   - Total Allreduce Bytes       1
 111 ZSirius  finish   - Total Allreduce Count       1
 112 ZSirius  finish   - Total Allreduce Bytes       1
 112 ZSirius  finish   - Total Allreduce Count       1
 113 ZSirius  finish   - Total Allreduce Bytes       1
 113 ZSirius  finish   - Total Allreduce Count       1
 114 ZSirius  finish   - Total Allreduce Bytes       1
 114 ZSirius  finish   - Total Allreduce Count       1
 115 ZSirius  finish   - Total Allreduce Bytes       1
 115 ZSirius  finish   - Total Allreduce Count       1
 116 ZSirius  finish   - Total Allreduce Bytes       1
 116 ZSirius  finish   - Total Allreduce Count       1
 117 ZSirius  finish   - Total Allreduce Bytes       1
 117 ZSirius  finish   - Total Allreduce Count       1
 118 ZSirius  finish   - Total Allreduce Bytes       1
 118 ZSirius  finish   - Total Allreduce Count       1
 119 ZSirius  finish   - Total Allreduce Bytes       1
 119 ZSirius  finish   - Total Allreduce Count       1
 120 ZSirius  finish   - Total Allreduce Bytes       1
 120 ZSirius  finish   - Total Allreduce Count       1
 121 ZSirius  finish   - Total Allreduce Bytes       1
 121 ZSirius  finish   - Total Allreduce Count       1
 122 ZSirius  finish   - Total Allreduce Bytes       1
 122 ZSirius  finish   - Total Allreduce Count       1
 123 ZSirius  finish   - Total Allreduce Bytes       1
 123 ZSirius  finish   - Total Allreduce Count       1
 124 ZSirius  finish   - Total Allreduce Bytes       1
 124 ZSirius  finish   - Total Allreduce Count       1
 125 ZSirius  finish   - Total Allreduce Bytes       1
 125 ZSirius  finish   - Total Allreduce Count       1
 126 ZSirius  finish   - Total Allreduce Bytes       1
 126 ZSirius  finish   - Total Allreduce Count       1
 127 ZSirius  finish   - Total Allreduce Bytes       1
 127 ZSirius  finish   - Total Allreduce Count       1
