 0 ZSirius  finish   - Total Allreduce Bytes       1
 0 ZSirius  finish   - Total Allreduce Count       1
 1 ZSirius  finish   - Total Allreduce Bytes       1
 1 ZSirius  finish   - Total Allreduce Count       1
 2 ZSirius  finish   - Total Allreduce Bytes       1
 2 ZSirius  finish   - Total Allreduce Count       1
 3 ZSirius  finish   - Total Allreduce Bytes       1
 3 ZSirius  finish   - Total Allreduce Count       1
 4 ZSirius  finish   - Total Allreduce Bytes       1
 4 ZSirius  finish   - Total Allreduce Count       1
 5 ZSirius  finish   - Total Allreduce Bytes       1
 5 ZSirius  finish   - Total Allreduce Count       1
 6 ZSirius  finish   - Total Allreduce Bytes       1
 6 ZSirius  finish   - Total Allreduce Count       1
 7 ZSirius  finish   - Total Allreduce Bytes       1
 7 ZSirius  finish   - Total Allreduce Count       1
 8 ZSirius  finish   - Total Allreduce Bytes       1
 8 ZSirius  finish   - Total Allreduce Count       1
 9 ZSirius  finish   - Total Allreduce Bytes       1
 9 ZSirius  finish   - Total Allreduce Count       1
 10 ZSirius  finish   - Total Allreduce Bytes       1
 10 ZSirius  finish   - Total Allreduce Count       1
 11 ZSirius  finish   - Total Allreduce Bytes       1
 11 ZSirius  finish   - Total Allreduce Count       1
 12 ZSirius  finish   - Total Allreduce Bytes       1
 12 ZSirius  finish   - Total Allreduce Count       1
 13 ZSirius  finish   - Total Allreduce Bytes       1
 13 ZSirius  finish   - Total Allreduce Count       1
 14 ZSirius  finish   - Total Allreduce Bytes       1
 14 ZSirius  finish   - Total Allreduce Count       1
 15 ZSirius  finish   - Total Allreduce Bytes       1
 15 ZSirius  finish   - Total Allreduce Count       1
 16 ZSirius  finish   - Total Allreduce Bytes       1
 16 ZSirius  finish   - Total Allreduce Count       1
 17 ZSirius  finish   - Total Allreduce Bytes       1
 17 ZSirius  finish   - Total Allreduce Count       1
 18 ZSirius  finish   - Total Allreduce Bytes       1
 18 ZSirius  finish   - Total Allreduce Count       1
 19 ZSirius  finish   - Total Allreduce Bytes       1
 19 ZSirius  finish   - Total Allreduce Count       1
 20 ZSirius  finish   - Total Allreduce Bytes       1
 20 ZSirius  finish   - Total Allreduce Count       1
 21 ZSirius  finish   - Total Allreduce Bytes       1
 21 ZSirius  finish   - Total Allreduce Count       1
 22 ZSirius  finish   - Total Allreduce Bytes       1
 22 ZSirius  finish   - Total Allreduce Count       1
 23 ZSirius  finish   - Total Allreduce Bytes       1
 23 ZSirius  finish   - Total Allreduce Count       1
 24 ZSirius  finish   - Total Allreduce Bytes       1
 24 ZSirius  finish   - Total Allreduce Count       1
 25 ZSirius  finish   - Total Allreduce Bytes       1
 25 ZSirius  finish   - Total Allreduce Count       1
 26 ZSirius  finish   - Total Allreduce Bytes       1
 26 ZSirius  finish   - Total Allreduce Count       1
 27 ZSirius  finish   - Total Allreduce Bytes       1
 27 ZSirius  finish   - Total Allreduce Count       1
 28 ZSirius  finish   - Total Allreduce Bytes       1
 28 ZSirius  finish   - Total Allreduce Count       1
 29 ZSirius  finish   - Total Allreduce Bytes       1
 29 ZSirius  finish   - Total Allreduce Count       1
 30 ZSirius  finish   - Total Allreduce Bytes       1
 30 ZSirius  finish   - Total Allreduce Count       1
 31 ZSirius  finish   - Total Allreduce Bytes       1
 31 ZSirius  finish   - Total Allreduce Count       1
 32 ZSirius  finish   - Total Allreduce Bytes       1
 32 ZSirius  finish   - Total Allreduce Count       1
 33 ZSirius  finish   - Total Allreduce Bytes       1
 33 ZSirius  finish   - Total Allreduce Count       1
 34 ZSirius  finish   - Total Allreduce Bytes       1
 34 ZSirius  finish   - Total Allreduce Count       1
 35 ZSirius  finish   - Total Allreduce Bytes       1
 35 ZSirius  finish   - Total Allreduce Count       1
 36 ZSirius  finish   - Total Allreduce Bytes       1
 36 ZSirius  finish   - Total Allreduce Count       1
 37 ZSirius  finish   - Total Allreduce Bytes       1
 37 ZSirius  finish   - Total Allreduce Count       1
 38 ZSirius  finish   - Total Allreduce Bytes       1
 38 ZSirius  finish   - Total Allreduce Count       1
 39 ZSirius  finish   - Total Allreduce Bytes       1
 39 ZSirius  finish   - Total Allreduce Count       1
 40 ZSirius  finish   - Total Allreduce Bytes       1
 40 ZSirius  finish   - Total Allreduce Count       1
 41 ZSirius  finish   - Total Allreduce Bytes       1
 41 ZSirius  finish   - Total Allreduce Count       1
 42 ZSirius  finish   - Total Allreduce Bytes       1
 42 ZSirius  finish   - Total Allreduce Count       1
 43 ZSirius  finish   - Total Allreduce Bytes       1
 43 ZSirius  finish   - Total Allreduce Count       1
 44 ZSirius  finish   - Total Allreduce Bytes       1
 44 ZSirius  finish   - Total Allreduce Count       1
 45 ZSirius  finish   - Total Allreduce Bytes       1
 45 ZSirius  finish   - Total Allreduce Count       1
 46 ZSirius  finish   - Total Allreduce Bytes       1
 46 ZSirius  finish   - Total Allreduce Count       1
 47 ZSirius  finish   - Total Allreduce Bytes       1
 47 ZSirius  finish   - Total Allreduce Count       1
 48 ZSirius  finish   - Total Allreduce Bytes       1
 48 ZSirius  finish   - Total Allreduce Count       1
 49 ZSirius  finish   - Total Allreduce Bytes       1
 49 ZSirius  finish   - Total Allreduce Count       1
 50 ZSirius  finish   - Total Allreduce Bytes       1
 50 ZSirius  finish   - Total Allreduce Count       1
 51 ZSirius  finish   - Total Allreduce Bytes       1
 51 ZSirius  finish   - Total Allreduce Count       1
 52 ZSirius  finish   - Total Allreduce Bytes       1
 52 ZSirius  finish   - Total Allreduce Count       1
 53 ZSirius  finish   - Total Allreduce Bytes       1
 53 ZSirius  finish   - Total Allreduce Count       1
 54 ZSirius  finish   - Total Allreduce Bytes       1
 54 ZSirius  finish   - Total Allreduce Count       1
 55 ZSirius  finish   - Total Allreduce Bytes       1
 55 ZSirius  finish   - Total Allreduce Count       1
 56 ZSirius  finish   - Total Allreduce Bytes       1
 56 ZSirius  finish   - Total Allreduce Count       1
 57 ZSirius  finish   - Total Allreduce Bytes       1
 57 ZSirius  finish   - Total Allreduce Count       1
 58 ZSirius  finish   - Total Allreduce Bytes       1
 58 ZSirius  finish   - Total Allreduce Count       1
 59 ZSirius  finish   - Total Allreduce Bytes       1
 59 ZSirius  finish   - Total Allreduce Count       1
 60 ZSirius  finish   - Total Allreduce Bytes       1
 60 ZSirius  finish   - Total Allreduce Count       1
 61 ZSirius  finish   - Total Allreduce Bytes       1
 61 ZSirius  finish   - Total Allreduce Count       1
 62 ZSirius  finish   - Total Allreduce Bytes       1
 62 ZSirius  finish   - Total Allreduce Count       1
 63 ZSirius  finish   - Total Allreduce Bytes       1
 63 ZSirius  finish   - Total Allreduce Count       1
