OpenMP Dynamic Test Case
Dynamic vector sum is: 523776.000000
