Performing an OpenMP reduction...
Value of reduction is: 523776.000000
