Test will create many threads and increment a counter...
Hello OpenMP World just created: 8 threads!
