ScratchCPU core Finished after 500 issued memory events, 500 returned, 10441 cycles
 scratch:backendConvertor.cycles_with_issue : Accumulator : Sum.u64 = 325; SumSQ.u64 = 325; Count.u64 = 325; Min.u64 = 1; Max.u64 = 1; 
 scratch:backendConvertor.cycles_attempted_issue_but_rejected : Accumulator : Sum.u64 = 0; SumSQ.u64 = 0; Count.u64 = 0; Min.u64 = 0; Max.u64 = 0; 
 scratch:backendConvertor.total_cycles : Accumulator : Sum.u64 = 20882; SumSQ.u64 = 20882; Count.u64 = 20882; Min.u64 = 1; Max.u64 = 1; 
 scratch:backendConvertor.requests_received_GetS : Accumulator : Sum.u64 = 247; SumSQ.u64 = 247; Count.u64 = 247; Min.u64 = 1; Max.u64 = 1; 
 scratch:backendConvertor.requests_received_GetSX : Accumulator : Sum.u64 = 0; SumSQ.u64 = 0; Count.u64 = 0; Min.u64 = 0; Max.u64 = 0; 
 scratch:backendConvertor.requests_received_GetX : Accumulator : Sum.u64 = 0; SumSQ.u64 = 0; Count.u64 = 0; Min.u64 = 0; Max.u64 = 0; 
 scratch:backendConvertor.requests_received_PutM : Accumulator : Sum.u64 = 78; SumSQ.u64 = 78; Count.u64 = 78; Min.u64 = 1; Max.u64 = 1; 
 scratch:backendConvertor.latency_GetS : Accumulator : Sum.u64 = 5216; SumSQ.u64 = 110176; Count.u64 = 247; Min.u64 = 21; Max.u64 = 23; 
 scratch:backendConvertor.latency_GetSX : Accumulator : Sum.u64 = 0; SumSQ.u64 = 0; Count.u64 = 0; Min.u64 = 0; Max.u64 = 0; 
 scratch:backendConvertor.latency_GetX : Accumulator : Sum.u64 = 0; SumSQ.u64 = 0; Count.u64 = 0; Min.u64 = 0; Max.u64 = 0; 
 scratch:backendConvertor.latency_PutM : Accumulator : Sum.u64 = 1646; SumSQ.u64 = 34742; Count.u64 = 78; Min.u64 = 21; Max.u64 = 22; 
 scratch.request_received_scratch_read : Accumulator : Sum.u64 = 171; SumSQ.u64 = 171; Count.u64 = 171; Min.u64 = 1; Max.u64 = 1; 
 scratch.request_received_scratch_write : Accumulator : Sum.u64 = 0; SumSQ.u64 = 0; Count.u64 = 0; Min.u64 = 0; Max.u64 = 0; 
 scratch.request_received_remote_read : Accumulator : Sum.u64 = 73; SumSQ.u64 = 73; Count.u64 = 73; Min.u64 = 1; Max.u64 = 1; 
 scratch.request_received_remote_write : Accumulator : Sum.u64 = 102; SumSQ.u64 = 102; Count.u64 = 102; Min.u64 = 1; Max.u64 = 1; 
 scratch.request_received_scratch_get : Accumulator : Sum.u64 = 78; SumSQ.u64 = 78; Count.u64 = 78; Min.u64 = 1; Max.u64 = 1; 
 scratch.request_received_scratch_put : Accumulator : Sum.u64 = 76; SumSQ.u64 = 76; Count.u64 = 76; Min.u64 = 1; Max.u64 = 1; 
 scratch.request_issued_scratch_read : Accumulator : Sum.u64 = 247; SumSQ.u64 = 247; Count.u64 = 247; Min.u64 = 1; Max.u64 = 1; 
 scratch.request_issued_scratch_write : Accumulator : Sum.u64 = 78; SumSQ.u64 = 78; Count.u64 = 78; Min.u64 = 1; Max.u64 = 1; 
 memory.requests_received_GetS : Accumulator : Sum.u64 = 151; SumSQ.u64 = 151; Count.u64 = 151; Min.u64 = 1; Max.u64 = 1; 
 memory.requests_received_GetSX : Accumulator : Sum.u64 = 0; SumSQ.u64 = 0; Count.u64 = 0; Min.u64 = 0; Max.u64 = 0; 
 memory.requests_received_GetX : Accumulator : Sum.u64 = 76; SumSQ.u64 = 76; Count.u64 = 76; Min.u64 = 1; Max.u64 = 1; 
 memory.requests_received_Write : Accumulator : Sum.u64 = 102; SumSQ.u64 = 102; Count.u64 = 102; Min.u64 = 1; Max.u64 = 1; 
 memory.requests_received_PutM : Accumulator : Sum.u64 = 0; SumSQ.u64 = 0; Count.u64 = 0; Min.u64 = 0; Max.u64 = 0; 
 memory.outstanding_requests : Accumulator : Sum.u64 = 329337; SumSQ.u64 = 10754507; Count.u64 = 10441; Min.u64 = 0; Max.u64 = 41; 
 memory.latency_GetS : Accumulator : Sum.u64 = 151174; SumSQ.u64 = 151348230; Count.u64 = 151; Min.u64 = 1001; Max.u64 = 1003; 
 memory.latency_GetSX : Accumulator : Sum.u64 = 0; SumSQ.u64 = 0; Count.u64 = 0; Min.u64 = 0; Max.u64 = 0; 
 memory.latency_GetX : Accumulator : Sum.u64 = 75078; SumSQ.u64 = 75156086; Count.u64 = 75; Min.u64 = 1001; Max.u64 = 1003; 
 memory.latency_Write : Accumulator : Sum.u64 = 100114; SumSQ.u64 = 100228142; Count.u64 = 100; Min.u64 = 1001; Max.u64 = 1002; 
 memory.latency_PutM : Accumulator : Sum.u64 = 0; SumSQ.u64 = 0; Count.u64 = 0; Min.u64 = 0; Max.u64 = 0; 
 memory.cycles_with_issue : Accumulator : Sum.u64 = 329; SumSQ.u64 = 329; Count.u64 = 329; Min.u64 = 1; Max.u64 = 1; 
 memory.cycles_attempted_issue_but_rejected : Accumulator : Sum.u64 = 0; SumSQ.u64 = 0; Count.u64 = 0; Min.u64 = 0; Max.u64 = 0; 
 memory.total_cycles : Accumulator : Sum.u64 = 10441; SumSQ.u64 = 109014481; Count.u64 = 1; Min.u64 = 10441; Max.u64 = 10441; 
Simulation is complete, simulated time: 10.441 us
