TrivialCPU: Test Completed Successfuly
TrivialCPU cpu Finished after 1000 issued reads, 1000 returned (108401 clocks)
 cpu.pendCycle : Accumulator : Sum.u64 = 561855; SumSQ.u64 = 3443831; Count.u64 = 108401; Min.u64 = 0; Max.u64 = 10; 
 l1cache.default_stat : Accumulator : Sum.u64 = 515; SumSQ.u64 = 515; Count.u64 = 515; Min.u64 = 1; Max.u64 = 1; 
 l1cache.stateEvent_GetS_I : Accumulator : Sum.u64 = 455; SumSQ.u64 = 455; Count.u64 = 455; Min.u64 = 1; Max.u64 = 1; 
 l1cache.stateEvent_GetS_E : Accumulator : Sum.u64 = 353; SumSQ.u64 = 353; Count.u64 = 353; Min.u64 = 1; Max.u64 = 1; 
 l1cache.stateEvent_GetS_M : Accumulator : Sum.u64 = 91; SumSQ.u64 = 91; Count.u64 = 91; Min.u64 = 1; Max.u64 = 1; 
 l1cache.stateEvent_GetX_I : Accumulator : Sum.u64 = 59; SumSQ.u64 = 59; Count.u64 = 59; Min.u64 = 1; Max.u64 = 1; 
 l1cache.stateEvent_GetX_E : Accumulator : Sum.u64 = 35; SumSQ.u64 = 35; Count.u64 = 35; Min.u64 = 1; Max.u64 = 1; 
 l1cache.stateEvent_GetX_M : Accumulator : Sum.u64 = 7; SumSQ.u64 = 7; Count.u64 = 7; Min.u64 = 1; Max.u64 = 1; 
 l1cache.stateEvent_GetSX_I : Accumulator : Sum.u64 = 0; SumSQ.u64 = 0; Count.u64 = 0; Min.u64 = 0; Max.u64 = 0; 
 l1cache.stateEvent_GetSX_E : Accumulator : Sum.u64 = 0; SumSQ.u64 = 0; Count.u64 = 0; Min.u64 = 0; Max.u64 = 0; 
 l1cache.stateEvent_GetSX_M : Accumulator : Sum.u64 = 0; SumSQ.u64 = 0; Count.u64 = 0; Min.u64 = 0; Max.u64 = 0; 
 l1cache.stateEvent_GetSResp_IS : Accumulator : Sum.u64 = 0; SumSQ.u64 = 0; Count.u64 = 0; Min.u64 = 0; Max.u64 = 0; 
 l1cache.stateEvent_GetXResp_IM : Accumulator : Sum.u64 = 514; SumSQ.u64 = 514; Count.u64 = 514; Min.u64 = 1; Max.u64 = 1; 
 l1cache.stateEvent_FlushLine_I : Accumulator : Sum.u64 = 0; SumSQ.u64 = 0; Count.u64 = 0; Min.u64 = 0; Max.u64 = 0; 
 l1cache.stateEvent_FlushLine_E : Accumulator : Sum.u64 = 0; SumSQ.u64 = 0; Count.u64 = 0; Min.u64 = 0; Max.u64 = 0; 
 l1cache.stateEvent_FlushLine_M : Accumulator : Sum.u64 = 0; SumSQ.u64 = 0; Count.u64 = 0; Min.u64 = 0; Max.u64 = 0; 
 l1cache.stateEvent_FlushLine_IS : Accumulator : Sum.u64 = 0; SumSQ.u64 = 0; Count.u64 = 0; Min.u64 = 0; Max.u64 = 0; 
 l1cache.stateEvent_FlushLine_IM : Accumulator : Sum.u64 = 0; SumSQ.u64 = 0; Count.u64 = 0; Min.u64 = 0; Max.u64 = 0; 
 l1cache.stateEvent_FlushLine_IB : Accumulator : Sum.u64 = 0; SumSQ.u64 = 0; Count.u64 = 0; Min.u64 = 0; Max.u64 = 0; 
 l1cache.stateEvent_FlushLine_SB : Accumulator : Sum.u64 = 0; SumSQ.u64 = 0; Count.u64 = 0; Min.u64 = 0; Max.u64 = 0; 
 l1cache.stateEvent_FlushLineInv_I : Accumulator : Sum.u64 = 0; SumSQ.u64 = 0; Count.u64 = 0; Min.u64 = 0; Max.u64 = 0; 
 l1cache.stateEvent_FlushLineInv_E : Accumulator : Sum.u64 = 0; SumSQ.u64 = 0; Count.u64 = 0; Min.u64 = 0; Max.u64 = 0; 
 l1cache.stateEvent_FlushLineInv_M : Accumulator : Sum.u64 = 0; SumSQ.u64 = 0; Count.u64 = 0; Min.u64 = 0; Max.u64 = 0; 
 l1cache.stateEvent_FlushLineInv_IS : Accumulator : Sum.u64 = 0; SumSQ.u64 = 0; Count.u64 = 0; Min.u64 = 0; Max.u64 = 0; 
 l1cache.stateEvent_FlushLineInv_IM : Accumulator : Sum.u64 = 0; SumSQ.u64 = 0; Count.u64 = 0; Min.u64 = 0; Max.u64 = 0; 
 l1cache.stateEvent_FlushLineInv_IB : Accumulator : Sum.u64 = 0; SumSQ.u64 = 0; Count.u64 = 0; Min.u64 = 0; Max.u64 = 0; 
 l1cache.stateEvent_FlushLineInv_SB : Accumulator : Sum.u64 = 0; SumSQ.u64 = 0; Count.u64 = 0; Min.u64 = 0; Max.u64 = 0; 
 l1cache.stateEvent_FlushLineResp_I : Accumulator : Sum.u64 = 0; SumSQ.u64 = 0; Count.u64 = 0; Min.u64 = 0; Max.u64 = 0; 
 l1cache.stateEvent_FlushLineResp_IB : Accumulator : Sum.u64 = 0; SumSQ.u64 = 0; Count.u64 = 0; Min.u64 = 0; Max.u64 = 0; 
 l1cache.stateEvent_FlushLineResp_SB : Accumulator : Sum.u64 = 0; SumSQ.u64 = 0; Count.u64 = 0; Min.u64 = 0; Max.u64 = 0; 
 l1cache.eventSent_GetS : Accumulator : Sum.u64 = 455; SumSQ.u64 = 455; Count.u64 = 455; Min.u64 = 1; Max.u64 = 1; 
 l1cache.eventSent_GetX : Accumulator : Sum.u64 = 59; SumSQ.u64 = 59; Count.u64 = 59; Min.u64 = 1; Max.u64 = 1; 
 l1cache.eventSent_GetSX : Accumulator : Sum.u64 = 0; SumSQ.u64 = 0; Count.u64 = 0; Min.u64 = 0; Max.u64 = 0; 
 l1cache.eventSent_PutM : Accumulator : Sum.u64 = 84; SumSQ.u64 = 84; Count.u64 = 84; Min.u64 = 1; Max.u64 = 1; 
 l1cache.eventSent_NACK : Accumulator : Sum.u64 = 0; SumSQ.u64 = 0; Count.u64 = 0; Min.u64 = 0; Max.u64 = 0; 
 l1cache.eventSent_FlushLine : Accumulator : Sum.u64 = 0; SumSQ.u64 = 0; Count.u64 = 0; Min.u64 = 0; Max.u64 = 0; 
 l1cache.eventSent_FlushLineInv : Accumulator : Sum.u64 = 0; SumSQ.u64 = 0; Count.u64 = 0; Min.u64 = 0; Max.u64 = 0; 
 l1cache.eventSent_GetSResp : Accumulator : Sum.u64 = 899; SumSQ.u64 = 899; Count.u64 = 899; Min.u64 = 1; Max.u64 = 1; 
 l1cache.eventSent_GetXResp : Accumulator : Sum.u64 = 101; SumSQ.u64 = 101; Count.u64 = 101; Min.u64 = 1; Max.u64 = 1; 
 l1cache.eventSent_FlushLineResp : Accumulator : Sum.u64 = 0; SumSQ.u64 = 0; Count.u64 = 0; Min.u64 = 0; Max.u64 = 0; 
 l1cache.eventSent_Put : Accumulator : Sum.u64 = 0; SumSQ.u64 = 0; Count.u64 = 0; Min.u64 = 0; Max.u64 = 0; 
 l1cache.eventSent_Get : Accumulator : Sum.u64 = 0; SumSQ.u64 = 0; Count.u64 = 0; Min.u64 = 0; Max.u64 = 0; 
 l1cache.eventSent_AckMove : Accumulator : Sum.u64 = 0; SumSQ.u64 = 0; Count.u64 = 0; Min.u64 = 0; Max.u64 = 0; 
 l1cache.eventSent_CustomReq : Accumulator : Sum.u64 = 0; SumSQ.u64 = 0; Count.u64 = 0; Min.u64 = 0; Max.u64 = 0; 
 l1cache.eventSent_CustomResp : Accumulator : Sum.u64 = 0; SumSQ.u64 = 0; Count.u64 = 0; Min.u64 = 0; Max.u64 = 0; 
 l1cache.eventSent_CustomAck : Accumulator : Sum.u64 = 0; SumSQ.u64 = 0; Count.u64 = 0; Min.u64 = 0; Max.u64 = 0; 
 l1cache.latency_GetS_hit : Accumulator : Sum.u64 = 79413; SumSQ.u64 = 108310367; Count.u64 = 444; Min.u64 = 5; Max.u64 = 2901; 
 l1cache.latency_GetS_miss : Accumulator : Sum.u64 = 914714; SumSQ.u64 = 1839774940; Count.u64 = 455; Min.u64 = 2008; Max.u64 = 2942; 
 l1cache.latency_GetX_hit : Accumulator : Sum.u64 = 7566; SumSQ.u64 = 10492210; Count.u64 = 42; Min.u64 = 5; Max.u64 = 1985; 
 l1cache.latency_GetX_miss : Accumulator : Sum.u64 = 118498; SumSQ.u64 = 237996244; Count.u64 = 59; Min.u64 = 2008; Max.u64 = 2010; 
 l1cache.latency_GetSX_hit : Accumulator : Sum.u64 = 0; SumSQ.u64 = 0; Count.u64 = 0; Min.u64 = 0; Max.u64 = 0; 
 l1cache.latency_GetSX_miss : Accumulator : Sum.u64 = 0; SumSQ.u64 = 0; Count.u64 = 0; Min.u64 = 0; Max.u64 = 0; 
 l1cache.latency_FlushLine : Accumulator : Sum.u64 = 0; SumSQ.u64 = 0; Count.u64 = 0; Min.u64 = 0; Max.u64 = 0; 
 l1cache.latency_FlushLine_fail : Accumulator : Sum.u64 = 0; SumSQ.u64 = 0; Count.u64 = 0; Min.u64 = 0; Max.u64 = 0; 
 l1cache.latency_FlushLineInv : Accumulator : Sum.u64 = 0; SumSQ.u64 = 0; Count.u64 = 0; Min.u64 = 0; Max.u64 = 0; 
 l1cache.latency_FlushLineInv_fail : Accumulator : Sum.u64 = 0; SumSQ.u64 = 0; Count.u64 = 0; Min.u64 = 0; Max.u64 = 0; 
 l1cache.GetSHit_Arrival : Accumulator : Sum.u64 = 0; SumSQ.u64 = 0; Count.u64 = 0; Min.u64 = 0; Max.u64 = 0; 
 l1cache.GetXHit_Arrival : Accumulator : Sum.u64 = 0; SumSQ.u64 = 0; Count.u64 = 0; Min.u64 = 0; Max.u64 = 0; 
 l1cache.GetSXHit_Arrival : Accumulator : Sum.u64 = 0; SumSQ.u64 = 0; Count.u64 = 0; Min.u64 = 0; Max.u64 = 0; 
 l1cache.GetSHit_Blocked : Accumulator : Sum.u64 = 0; SumSQ.u64 = 0; Count.u64 = 0; Min.u64 = 0; Max.u64 = 0; 
 l1cache.GetXHit_Blocked : Accumulator : Sum.u64 = 0; SumSQ.u64 = 0; Count.u64 = 0; Min.u64 = 0; Max.u64 = 0; 
 l1cache.GetSXHit_Blocked : Accumulator : Sum.u64 = 0; SumSQ.u64 = 0; Count.u64 = 0; Min.u64 = 0; Max.u64 = 0; 
 l1cache.GetSMiss_Arrival : Accumulator : Sum.u64 = 0; SumSQ.u64 = 0; Count.u64 = 0; Min.u64 = 0; Max.u64 = 0; 
 l1cache.GetXMiss_Arrival : Accumulator : Sum.u64 = 0; SumSQ.u64 = 0; Count.u64 = 0; Min.u64 = 0; Max.u64 = 0; 
 l1cache.GetSXMiss_Arrival : Accumulator : Sum.u64 = 0; SumSQ.u64 = 0; Count.u64 = 0; Min.u64 = 0; Max.u64 = 0; 
 l1cache.GetSMiss_Blocked : Accumulator : Sum.u64 = 0; SumSQ.u64 = 0; Count.u64 = 0; Min.u64 = 0; Max.u64 = 0; 
 l1cache.GetXMiss_Blocked : Accumulator : Sum.u64 = 0; SumSQ.u64 = 0; Count.u64 = 0; Min.u64 = 0; Max.u64 = 0; 
 l1cache.GetSXMiss_Blocked : Accumulator : Sum.u64 = 0; SumSQ.u64 = 0; Count.u64 = 0; Min.u64 = 0; Max.u64 = 0; 
 l1cache.eventSent_PutE : Accumulator : Sum.u64 = 0; SumSQ.u64 = 0; Count.u64 = 0; Min.u64 = 0; Max.u64 = 0; 
 l1cache.TotalEventsReceived : Accumulator : Sum.u64 = 1514; SumSQ.u64 = 1514; Count.u64 = 1514; Min.u64 = 1; Max.u64 = 1; 
 l1cache.TotalEventsReplayed : Accumulator : Sum.u64 = 80; SumSQ.u64 = 80; Count.u64 = 80; Min.u64 = 1; Max.u64 = 1; 
 l1cache.Put_uncache_recv : Accumulator : Sum.u64 = 0; SumSQ.u64 = 0; Count.u64 = 0; Min.u64 = 0; Max.u64 = 0; 
 l1cache.Get_uncache_recv : Accumulator : Sum.u64 = 0; SumSQ.u64 = 0; Count.u64 = 0; Min.u64 = 0; Max.u64 = 0; 
 l1cache.AckMove_uncache_recv : Accumulator : Sum.u64 = 0; SumSQ.u64 = 0; Count.u64 = 0; Min.u64 = 0; Max.u64 = 0; 
 l1cache.GetS_uncache_recv : Accumulator : Sum.u64 = 0; SumSQ.u64 = 0; Count.u64 = 0; Min.u64 = 0; Max.u64 = 0; 
 l1cache.GetX_uncache_recv : Accumulator : Sum.u64 = 0; SumSQ.u64 = 0; Count.u64 = 0; Min.u64 = 0; Max.u64 = 0; 
 l1cache.GetSX_uncache_recv : Accumulator : Sum.u64 = 0; SumSQ.u64 = 0; Count.u64 = 0; Min.u64 = 0; Max.u64 = 0; 
 l1cache.GetSResp_uncache_recv : Accumulator : Sum.u64 = 0; SumSQ.u64 = 0; Count.u64 = 0; Min.u64 = 0; Max.u64 = 0; 
 l1cache.GetXResp_uncache_recv : Accumulator : Sum.u64 = 0; SumSQ.u64 = 0; Count.u64 = 0; Min.u64 = 0; Max.u64 = 0; 
 l1cache.CustomReq_uncache_recv : Accumulator : Sum.u64 = 0; SumSQ.u64 = 0; Count.u64 = 0; Min.u64 = 0; Max.u64 = 0; 
 l1cache.CustomResp_uncache_recv : Accumulator : Sum.u64 = 0; SumSQ.u64 = 0; Count.u64 = 0; Min.u64 = 0; Max.u64 = 0; 
 l1cache.CustomAck_uncache_recv : Accumulator : Sum.u64 = 0; SumSQ.u64 = 0; Count.u64 = 0; Min.u64 = 0; Max.u64 = 0; 
 l1cache.NULLCMD_recv : Accumulator : Sum.u64 = 1; SumSQ.u64 = 1; Count.u64 = 1; Min.u64 = 1; Max.u64 = 1; 
 l1cache.GetS_recv : Accumulator : Sum.u64 = 971; SumSQ.u64 = 971; Count.u64 = 971; Min.u64 = 1; Max.u64 = 1; 
 l1cache.GetX_recv : Accumulator : Sum.u64 = 108; SumSQ.u64 = 108; Count.u64 = 108; Min.u64 = 1; Max.u64 = 1; 
 l1cache.GetSX_recv : Accumulator : Sum.u64 = 0; SumSQ.u64 = 0; Count.u64 = 0; Min.u64 = 0; Max.u64 = 0; 
 l1cache.FlushLine_recv : Accumulator : Sum.u64 = 0; SumSQ.u64 = 0; Count.u64 = 0; Min.u64 = 0; Max.u64 = 0; 
 l1cache.FlushLineInv_recv : Accumulator : Sum.u64 = 0; SumSQ.u64 = 0; Count.u64 = 0; Min.u64 = 0; Max.u64 = 0; 
 l1cache.GetSResp_recv : Accumulator : Sum.u64 = 0; SumSQ.u64 = 0; Count.u64 = 0; Min.u64 = 0; Max.u64 = 0; 
 l1cache.GetXResp_recv : Accumulator : Sum.u64 = 514; SumSQ.u64 = 514; Count.u64 = 514; Min.u64 = 1; Max.u64 = 1; 
 l1cache.FlushLineResp_recv : Accumulator : Sum.u64 = 0; SumSQ.u64 = 0; Count.u64 = 0; Min.u64 = 0; Max.u64 = 0; 
 l1cache.NACK_recv : Accumulator : Sum.u64 = 0; SumSQ.u64 = 0; Count.u64 = 0; Min.u64 = 0; Max.u64 = 0; 
 l1cache.MSHR_occupancy : Accumulator : Sum.u64 = 1116967; SumSQ.u64 = 6814255; Count.u64 = 216802; Min.u64 = 0; Max.u64 = 10; 
 l1cache.Bank_conflicts : Accumulator : Sum.u64 = 0; SumSQ.u64 = 0; Count.u64 = 0; Min.u64 = 0; Max.u64 = 0; 
 memory.requests_received_GetS : Accumulator : Sum.u64 = 455; SumSQ.u64 = 455; Count.u64 = 455; Min.u64 = 1; Max.u64 = 1; 
 memory.requests_received_GetSX : Accumulator : Sum.u64 = 0; SumSQ.u64 = 0; Count.u64 = 0; Min.u64 = 0; Max.u64 = 0; 
 memory.requests_received_GetX : Accumulator : Sum.u64 = 59; SumSQ.u64 = 59; Count.u64 = 59; Min.u64 = 1; Max.u64 = 1; 
 memory.requests_received_PutM : Accumulator : Sum.u64 = 84; SumSQ.u64 = 84; Count.u64 = 84; Min.u64 = 1; Max.u64 = 1; 
 memory.outstanding_requests : Accumulator : Sum.u64 = 598682; SumSQ.u64 = 3965178; Count.u64 = 108401; Min.u64 = 0; Max.u64 = 14; 
 memory.latency_GetS : Accumulator : Sum.u64 = 455526; SumSQ.u64 = 456052668; Count.u64 = 455; Min.u64 = 1001; Max.u64 = 1002; 
 memory.latency_GetSX : Accumulator : Sum.u64 = 0; SumSQ.u64 = 0; Count.u64 = 0; Min.u64 = 0; Max.u64 = 0; 
 memory.latency_GetX : Accumulator : Sum.u64 = 59072; SumSQ.u64 = 59144098; Count.u64 = 59; Min.u64 = 1001; Max.u64 = 1002; 
 memory.latency_PutM : Accumulator : Sum.u64 = 84084; SumSQ.u64 = 84168084; Count.u64 = 84; Min.u64 = 1001; Max.u64 = 1001; 
 memory.cycles_with_issue : Accumulator : Sum.u64 = 598; SumSQ.u64 = 598; Count.u64 = 598; Min.u64 = 1; Max.u64 = 1; 
 memory.cycles_attempted_issue_but_rejected : Accumulator : Sum.u64 = 0; SumSQ.u64 = 0; Count.u64 = 0; Min.u64 = 0; Max.u64 = 0; 
 memory.total_cycles : Accumulator : Sum.u64 = 108401; SumSQ.u64 = 11750776801; Count.u64 = 1; Min.u64 = 108401; Max.u64 = 108401; 
Simulation is complete, simulated time: 108.401 us
