f9148701b5882168aef0a43d84f06535 Simulation is complete, simulated time: 741.642 us
0e90c343d7bd6368ebca64220f3db66c Simulation is complete, simulated time: 372.14 us
2c2c1aa59094b3948fce6f0e3bc696a9 Simulation is complete, simulated time: 106.446 us
91aa1219e84c1087fe994713702563b8 Simulation is complete, simulated time: 106.446 us
115ba9e30906b68930351aa80e66e883 Simulation is complete, simulated time: 138.398 us
fe8bb43695a69f9bf4be80cf167919f3 Simulation is complete, simulated time: 91.004 us
af9d4242ad221525caf7857252ddc8a1 Simulation is complete, simulated time: 57.162 us
6d139a038a7bdd217a1a81a6ba2327af Simulation is complete, simulated time: 57.162 us
431d47a0e52dededfefc8c9a365eaf48 Simulation is complete, simulated time: 469.99 us
cf46ab95958759929ac1da021083b644 Simulation is complete, simulated time: 286.996 us
42d70a0bf1f40f514ec6e214e1dcad55 Simulation is complete, simulated time: 72.09 us
4cf1a6ff422adbac0b8413ee06e74700 Simulation is complete, simulated time: 72.09 us
0021543ef1e4a1b296a98880b2d1684b Simulation is complete, simulated time: 78.216 us
4894c19eb908a3dc5d9efa6997c0da43 Simulation is complete, simulated time: 57.154 us
382559dd92121451150eb3150c5a5eb4 Simulation is complete, simulated time: 33.174 us
4aa9e3e7152618b193edf4a6ff59d208 Simulation is complete, simulated time: 33.174 us
4d890426edfedebd1552e37469516ff7 Simulation is complete, simulated time: 402.936 us
d2cfb7f1f71336f17a81de1fedd00b6e Simulation is complete, simulated time: 270.026 us
9322839b463a9e55b68d1d9e8ddedd19 Simulation is complete, simulated time: 52.656 us
001c82297937bb080fae7a6cdb3f61f4 Simulation is complete, simulated time: 52.656 us
17902bf7775857fbe65e5f57b2f8d72b Simulation is complete, simulated time: 53.952 us
cb472cf10fb151d7296296ca33e3db93 Simulation is complete, simulated time: 40.526 us
d0e6a39c1019390ceb259cbc787dbb0a Simulation is complete, simulated time: 18.924 us
8cb23569bf77091b72cf9f1b01aecb88 Simulation is complete, simulated time: 18.924 us
660a7af8cea40110e3600dce9f36fac7 Simulation is complete, simulated time: 288.62 us
19067cfec0e1cc1055dc356df14317f0 Simulation is complete, simulated time: 212.82 us
6cc8cb6e8b89f1b587f37713d1dcc2b4 Simulation is complete, simulated time: 36.26 us
5269c45b7ffc749d8a0846363c088b23 Simulation is complete, simulated time: 36.26 us
fe874889da6d2bdb147a5ca1186ccfc6 Simulation is complete, simulated time: 30.356 us
e55452b6a168ce14f76e318f640249e6 Simulation is complete, simulated time: 22.776 us
17679b71424e99a001a11fd28ccc52b8 Simulation is complete, simulated time: 5.12 us
a5e7fadc6abe02c2e6f54e3513012502 Simulation is complete, simulated time: 5.12 us
bfc69dca082f162993d2e38e9e8877bb Simulation is complete, simulated time: 583.71 us
1ad3729dc73100046994602d33d666f8 Simulation is complete, simulated time: 106.73 us
8d95197b68b0051907275fc069c71a69 Simulation is complete, simulated time: 325.248 us
712cd6fb0ebc4ea047ab28349ed3d7e8 Simulation is complete, simulated time: 59.82 us
b09246562ad24d0ddabfaae6848af118 Simulation is complete, simulated time: 172.532 us
7dd86e625136f4a6f13e1c459441c28a Simulation is complete, simulated time: 31.898 us
bdef5ba2f13dc8d41220d0c1b0cc56d2 Simulation is complete, simulated time: 26.702 us
4af81df20e83081566ed0df1e5d29423 Simulation is complete, simulated time: 4.994 us
cbe44583fd5325992ae2396285f9a2e5 Simulation is complete, simulated time: 582.182 us
3126db581e052167173abd660a4b73a2 Simulation is complete, simulated time: 106.568 us
5e3e93d20e6e1c14f48768520169506c Simulation is complete, simulated time: 324.31 us
940d0e07357334d8aeacbdd5ebf685a8 Simulation is complete, simulated time: 59.71 us
a6e30ee343d328d9cf31dc5d33b0028b Simulation is complete, simulated time: 171.746 us
e4b5931f8f843946c74305e42c482b39 Simulation is complete, simulated time: 31.814 us
2800136784d7682457016d45f7084058 Simulation is complete, simulated time: 26.58 us
d17fc68182994dbb26261f2602f67f91 Simulation is complete, simulated time: 4.98 us
3135fa10d2b9b80d1d2e392ab8edb94c Simulation is complete, simulated time: 304.686 us
9e8bc54037e2b467c6042aa863fdf3e4 Simulation is complete, simulated time: 228.898 us
22e053ffd1a25a2bac547b439bf481eb Simulation is complete, simulated time: 53.722 us
7fd1ecc87d3bf5c932a471d3d04dfb19 Simulation is complete, simulated time: 53.722 us
816cfc39f61ab0b782167b22f5571b2f Simulation is complete, simulated time: 55.422 us
41ac1ab7567c7be19e4acf85356224cc Simulation is complete, simulated time: 53.722 us
4e0b6a8c381046d7812e6584391a3dfd Simulation is complete, simulated time: 53.722 us
7520a9589534dc3399350218f5b5fb9c Simulation is complete, simulated time: 53.722 us
4652a3a4b4e58a756dbb3658cd6445b0 Simulation is complete, simulated time: 292.704 us
238ff71fbe090af2a8d8365cdfe9015f Simulation is complete, simulated time: 216.916 us
ed16cde15ad56d11ce820328e6eec983 Simulation is complete, simulated time: 40.344 us
d27ae204723073d310ab5501fe709e46 Simulation is complete, simulated time: 40.344 us
6f44e038b0122d90e55ced962a793ecf Simulation is complete, simulated time: 43.44 us
68a837238085589e901c2dab260f4a77 Simulation is complete, simulated time: 35.872 us
7180f32fc363f4052e5988df297daabe Simulation is complete, simulated time: 30.31 us
cd8870938eb94eb9189890625c473c3d Simulation is complete, simulated time: 30.31 us
e3e3b0fbd245fe264f05e0dfeb3a96f5 Simulation is complete, simulated time: 285.592 us
73a8ce800f6453375e9b600ad7e4fe41 Simulation is complete, simulated time: 209.792 us
f8e0b916448926eed8466820a7eda8fa Simulation is complete, simulated time: 33.35 us
cd042be76b913d850f8fdff9a2481475 Simulation is complete, simulated time: 33.35 us
e4101cb44c071a6e2c4fb8368ae8bb76 Simulation is complete, simulated time: 36.328 us
4de551b8f36f3ea1453221e9677454c7 Simulation is complete, simulated time: 28.748 us
e6e03c886bf3e4b7ea8653307b6153ee Simulation is complete, simulated time: 16.266 us
9e4c66ef47cb7876bacecc38ea81ee26 Simulation is complete, simulated time: 16.266 us
8a68d5fd292c49f030bc1ee12a4b8c2a Simulation is complete, simulated time: 278.62 us
02933097e8d6246b308b72bd04e07fae Simulation is complete, simulated time: 202.82 us
573c3bf8f3d333a8703849c683dfe9ca Simulation is complete, simulated time: 26.26 us
23992079780db210569c170fae59484e Simulation is complete, simulated time: 26.26 us
229645dd3776802dcc44aa5052759745 Simulation is complete, simulated time: 29.356 us
f1806e7f40ee6b65f1a59524436f3e58 Simulation is complete, simulated time: 21.776 us
e35903299970e05df07fe69044b23db7 Simulation is complete, simulated time: 4.12 us
a23d85edc49a8319faea14f6104ed70b Simulation is complete, simulated time: 4.12 us
a0e9395740e0ba1066d452b7f6150972 Simulation is complete, simulated time: 172.742 us
67c1b7a19eda27856d723cc12310d44d Simulation is complete, simulated time: 65.786 us
ff2181e1001bbd14be3c8cb87f7424c6 Simulation is complete, simulated time: 148.992 us
3fb0ec79b92ba3a3689a06207090adfe Simulation is complete, simulated time: 42.23 us
e3e2d8dc599e7a1ab1792babb0906591 Simulation is complete, simulated time: 134.856 us
8890802942e86eacb595645af11af002 Simulation is complete, simulated time: 28.192 us
bc1d4f1314c411bdd4701c48a30690d5 Simulation is complete, simulated time: 115.714 us
332457cfff0bec4e71c8fa34cc3d1a70 Simulation is complete, simulated time: 13.898 us
f1c87034a0fc16ba466ef45968c50c5a Simulation is complete, simulated time: 568.433 ms
b12b4259d49c38f92d3355943c5a1c8e Simulation is complete, simulated time: 412.409 ms
71823203c538cb4c0f68e6acbe70817f Simulation is complete, simulated time: 50.817 ms
596174a04f00aa3cdf08bcc4514bc41a Simulation is complete, simulated time: 50.817 ms
6daed542a784105b137921db9bff88e0 Simulation is complete, simulated time: 56.8824 ms
09140c7ca0bfdc4502c6b345bfc443d0 Simulation is complete, simulated time: 41.2782 ms
ba990016e99403f7da9e02fee83776b1 Simulation is complete, simulated time: 5.1218 ms
bca7566207bfe21653cb97734c903613 Simulation is complete, simulated time: 5.1218 ms
2b8c519e111ea2074c8aeb141d0fc3c9 Simulation is complete, simulated time: 71.2378 ms
3572aa54143ccd69cd7336e19e9f37c2 Simulation is complete, simulated time: 51.6236 ms
c54b92ace9d2a4d0163657390a2eae5a Simulation is complete, simulated time: 6.42731 ms
66e3e3e11b2f0e4234f34344fe9fe2a4 Simulation is complete, simulated time: 6.42731 ms
a4ec842644869eeca709b0efdfe2eb10 Simulation is complete, simulated time: 7.1463 ms
f2145d7ed91eba4d4d7592dc58f99004 Simulation is complete, simulated time: 5.18301 ms
d24b00c32a85c107660c99e318ec504c Simulation is complete, simulated time: 666.156 us
2a8905b9bbe905edf5f4b6e60d4a5f76 Simulation is complete, simulated time: 666.156 us
14bf7e313f6020d7b4fcba866963009d Simulation is complete, simulated time: 8.9622 ms
0bd1a6668eb9631425a3042518af7c99 Simulation is complete, simulated time: 6.47694 ms
58190ed78f0bd1bf204f0af55da8a628 Simulation is complete, simulated time: 830.094 us
afb09a23da194b4800e993ef052497c0 Simulation is complete, simulated time: 830.094 us
52692e0fabe6f7e883bf5fe25db6f28d Simulation is complete, simulated time: 907.99 us
2151fd8fd52ea2cdf407be1ea75fc714 Simulation is complete, simulated time: 657.608 us
ca7dd241eb349fb3c4a8cc8c3f5881f2 Simulation is complete, simulated time: 95.694 us
45a1ba82dd503d0f4a67f1f879cdaaf0 Simulation is complete, simulated time: 95.694 us
702da30d93f3b948d8520570a850b598 Simulation is complete, simulated time: 278.62 us
5b9852eb7eb1e65f275e30d8fa870855 Simulation is complete, simulated time: 202.82 us
4ad22278b025ba626e6778f52a3ec421 Simulation is complete, simulated time: 26.26 us
02dd72761b5dc0e44123a442ce30e53d Simulation is complete, simulated time: 26.26 us
b2dc2bc4ef1e2114f61d0fa7bee553c7 Simulation is complete, simulated time: 29.356 us
1eaaab070feb10f178d4b15646e7bb23 Simulation is complete, simulated time: 21.776 us
cc590dc6b4d13afff52ec490aed55e95 Simulation is complete, simulated time: 4.12 us
d83aa9f05b2e4832734ad22083a4d9e9 Simulation is complete, simulated time: 4.12 us
960312de39c728e28fca22b5983a3c40 Simulation is complete, simulated time: 342.712 us
144d9bce36c713bed393b5bd62bf0aed Simulation is complete, simulated time: 249.632 us
c6e2db182577973f618cbf934efd6896 Simulation is complete, simulated time: 73.072 us
546e93a9df1ce1dad6fff7bcb03649b5 Simulation is complete, simulated time: 73.072 us
88bfc7de2eb0d43a909243344a5745c3 Simulation is complete, simulated time: 62.12 us
a969c19f26cbf85639768d08213c4548 Simulation is complete, simulated time: 52.812 us
26237ef50c2515b6f2f915a2acdc6ab6 Simulation is complete, simulated time: 35.156 us
95123412ba2c8c9aae1450f981811652 Simulation is complete, simulated time: 35.156 us
d68060dca621d24c9378d202c758d946 Simulation is complete, simulated time: 333.862 us
b128e05840e08cd0cb4e2538b8042c89 Simulation is complete, simulated time: 61.45 us
afec978ec8a1a2f772cde9da3e2cd517 Simulation is complete, simulated time: 332.324 us
75e0edc6a556695151d7c1f407fe342e Simulation is complete, simulated time: 61.298 us
b2f26c9309a2bc32ed5c5e34fff2a378 Simulation is complete, simulated time: 284.35 us
3c30fb54fe68b83f9f5cb5918a40ee7b Simulation is complete, simulated time: 214.322 us
aa05e71e67ea3b62c46b18dd4e51430d Simulation is complete, simulated time: 37.75 us
3c2e0bf34fca7c7fb56083dc54e451ad Simulation is complete, simulated time: 37.75 us
123a4c3c378cf1177ae1b47b060c708c Simulation is complete, simulated time: 42.862 us
bf7ab053912211e6896d568bcdfd10aa Simulation is complete, simulated time: 35.87 us
97003b14488611a1299d968feb1bd235 Simulation is complete, simulated time: 31.184 us
9c77d45df8f8c8feb3f9a0fe4ca043a1 Simulation is complete, simulated time: 31.184 us
928716c99feadfddf4d5b65e9db85e83 Simulation is complete, simulated time: 149.592 us
98c8186b5b2117a1be2db5ee8ae069f5 Simulation is complete, simulated time: 42.98 us
430292660aeb6663e0befbe7e41256b9 Simulation is complete, simulated time: 197.188 ms
20bdc1fe4a7ed9c54f0056ac6d7a14c9 Simulation is complete, simulated time: 145.089 ms
15062a8af08047a5b70214979bf4cec3 Simulation is complete, simulated time: 16.3802 ms
3a18007001c1709fc1567ef196c9aba7 Simulation is complete, simulated time: 16.3802 ms
549f079b03cd5a609e6a1168e710bd5d Simulation is complete, simulated time: 19.7432 ms
1f4b410cb8f5af0772192bf7f7050adb Simulation is complete, simulated time: 14.5313 ms
1c3bd562153153acccd729e64696e445 Simulation is complete, simulated time: 1.66315 ms
b97b2a5e0fd3f06dfcd72d95b2488181 Simulation is complete, simulated time: 1.66315 ms
03033421393efb8be58d34672e13fd3f Simulation is complete, simulated time: 1.09307 ms
5a1cc6c976586187734cb3e6ebc8d7a9 Simulation is complete, simulated time: 500.404 us
0fe3640d46497610d39923c771d02b0e Simulation is complete, simulated time: 62.414 us
eb4bbc69f5056da416a98b5498a17758 Simulation is complete, simulated time: 62.414 us
9a56acf61f8cb41abd2ef9d992fab265 Simulation is complete, simulated time: 182.528 us
71a79e9341f52336016f3e640166f742 Simulation is complete, simulated time: 106.7 us
783f0b47f8b1da8fc8754787a89af1b2 Simulation is complete, simulated time: 26.148 us
bfa41255535167553230a76efa3adffc Simulation is complete, simulated time: 26.148 us
274f36afce6c63ab08b790c9df7bd8a1 Simulation is complete, simulated time: 248.402 us
7fb74b470e0003d6431b3d5700fb1e8d Simulation is complete, simulated time: 45.482 us
77dae18aa1d7c5dfd7f65e702ad3c0ef Simulation is complete, simulated time: 246.33 us
e635898943264a6207d23f8e92e5dba6 Simulation is complete, simulated time: 45.486 us
d84da4ef8961e17fa82dfb1867edc8d1 Simulation is complete, simulated time: 280.292 us
f5e068cd615ceada1ed323d6e93eb5af Simulation is complete, simulated time: 210.24 us
0b6db9e57463474a5bd0eafc77fc234c Simulation is complete, simulated time: 33.68 us
1d477da8bf9f267fdb1a26fa0b2836ed Simulation is complete, simulated time: 33.68 us
8edfbae845ea349cd537399a29cc043b Simulation is complete, simulated time: 38.804 us
bf8269613a95b415529defa87050b4ae Simulation is complete, simulated time: 31.788 us
82cd2d3310510a9a1b26475fdb3be0bf Simulation is complete, simulated time: 23.17 us
80e9b04073e24f18f23025a73a80310d Simulation is complete, simulated time: 23.17 us
4e04f282a67e74cf609c8a77f5088d37 Simulation is complete, simulated time: 141.94 us
0687436b776cff7aad631dfc1a6a2f42 Simulation is complete, simulated time: 35.224 us
0b0be80af2a264a9366cbe8287368155 Simulation is complete, simulated time: 69.0409 ms
9717021d7230870c51dff71755e13ca1 Simulation is complete, simulated time: 50.8883 ms
5edb0bab5b2d7dba03cb1cc4a13b9d58 Simulation is complete, simulated time: 5.69201 ms
ba5d8486ed790b347a7dc46882965434 Simulation is complete, simulated time: 5.69201 ms
1ec0c4802a176a5119786f6048ecb2d1 Simulation is complete, simulated time: 6.92192 ms
aec90581b96e99bff7f7acef01522084 Simulation is complete, simulated time: 5.10479 ms
1776ea2e236b180f2b1468ce22a1d63d Simulation is complete, simulated time: 587.932 us
0bea0fe3d64d09836cf0dfa16f1cba1a Simulation is complete, simulated time: 587.932 us
