1032:  0 Finished sending packets (total of 10)
1032:  1 Finished sending packets (total of 10)
1032:  2 Finished sending packets (total of 10)
1032:  3 Finished sending packets (total of 10)
1032:  4 Finished sending packets (total of 10)
1032:  5 Finished sending packets (total of 10)
1032:  6 Finished sending packets (total of 10)
1032:  7 Finished sending packets (total of 10)
1032:  8 Finished sending packets (total of 10)
1032:  9 Finished sending packets (total of 10)
1032:  10 Finished sending packets (total of 10)
1032:  11 Finished sending packets (total of 10)
1032:  12 Finished sending packets (total of 10)
1032:  13 Finished sending packets (total of 10)
1032:  14 Finished sending packets (total of 10)
1032:  15 Finished sending packets (total of 10)
1032:  16 Finished sending packets (total of 10)
1032:  17 Finished sending packets (total of 10)
1032:  18 Finished sending packets (total of 10)
1032:  19 Finished sending packets (total of 10)
1032:  20 Finished sending packets (total of 10)
1032:  21 Finished sending packets (total of 10)
1032:  22 Finished sending packets (total of 10)
1032:  23 Finished sending packets (total of 10)
1032:  24 Finished sending packets (total of 10)
1032:  25 Finished sending packets (total of 10)
1032:  26 Finished sending packets (total of 10)
1032:  27 Finished sending packets (total of 10)
1032:  28 Finished sending packets (total of 10)
1032:  29 Finished sending packets (total of 10)
1032:  30 Finished sending packets (total of 10)
1032:  31 Finished sending packets (total of 10)
1032:  32 Finished sending packets (total of 10)
1032:  33 Finished sending packets (total of 10)
1032:  34 Finished sending packets (total of 10)
1032:  35 Finished sending packets (total of 10)
1032:  36 Finished sending packets (total of 10)
1032:  37 Finished sending packets (total of 10)
1032:  38 Finished sending packets (total of 10)
1032:  39 Finished sending packets (total of 10)
1032:  40 Finished sending packets (total of 10)
1032:  41 Finished sending packets (total of 10)
1032:  42 Finished sending packets (total of 10)
1032:  43 Finished sending packets (total of 10)
1032:  44 Finished sending packets (total of 10)
1032:  45 Finished sending packets (total of 10)
1032:  46 Finished sending packets (total of 10)
1032:  47 Finished sending packets (total of 10)
1032:  48 Finished sending packets (total of 10)
1032:  49 Finished sending packets (total of 10)
1032:  50 Finished sending packets (total of 10)
1032:  51 Finished sending packets (total of 10)
1032:  52 Finished sending packets (total of 10)
1032:  53 Finished sending packets (total of 10)
1032:  54 Finished sending packets (total of 10)
1032:  55 Finished sending packets (total of 10)
1032:  56 Finished sending packets (total of 10)
1032:  57 Finished sending packets (total of 10)
1032:  58 Finished sending packets (total of 10)
1032:  59 Finished sending packets (total of 10)
1032:  60 Finished sending packets (total of 10)
1032:  61 Finished sending packets (total of 10)
1032:  62 Finished sending packets (total of 10)
1032:  63 Finished sending packets (total of 10)
1032:  0 Finished sending packets (total of 10)
1032:  1 Finished sending packets (total of 10)
1032:  2 Finished sending packets (total of 10)
1032:  3 Finished sending packets (total of 10)
1032:  4 Finished sending packets (total of 10)
1032:  5 Finished sending packets (total of 10)
1032:  6 Finished sending packets (total of 10)
1032:  7 Finished sending packets (total of 10)
1032:  8 Finished sending packets (total of 10)
1032:  9 Finished sending packets (total of 10)
1032:  10 Finished sending packets (total of 10)
1032:  11 Finished sending packets (total of 10)
1032:  12 Finished sending packets (total of 10)
1032:  13 Finished sending packets (total of 10)
1032:  14 Finished sending packets (total of 10)
1032:  15 Finished sending packets (total of 10)
1032:  16 Finished sending packets (total of 10)
1032:  17 Finished sending packets (total of 10)
1032:  18 Finished sending packets (total of 10)
1032:  19 Finished sending packets (total of 10)
1032:  20 Finished sending packets (total of 10)
1032:  21 Finished sending packets (total of 10)
1032:  22 Finished sending packets (total of 10)
1032:  23 Finished sending packets (total of 10)
1032:  24 Finished sending packets (total of 10)
1032:  25 Finished sending packets (total of 10)
1032:  26 Finished sending packets (total of 10)
1032:  27 Finished sending packets (total of 10)
1032:  28 Finished sending packets (total of 10)
1032:  29 Finished sending packets (total of 10)
1032:  30 Finished sending packets (total of 10)
1032:  31 Finished sending packets (total of 10)
1032:  32 Finished sending packets (total of 10)
1032:  33 Finished sending packets (total of 10)
1032:  34 Finished sending packets (total of 10)
1032:  35 Finished sending packets (total of 10)
1032:  36 Finished sending packets (total of 10)
1032:  37 Finished sending packets (total of 10)
1032:  38 Finished sending packets (total of 10)
1032:  39 Finished sending packets (total of 10)
1032:  40 Finished sending packets (total of 10)
1032:  41 Finished sending packets (total of 10)
1032:  42 Finished sending packets (total of 10)
1032:  43 Finished sending packets (total of 10)
1032:  44 Finished sending packets (total of 10)
1032:  45 Finished sending packets (total of 10)
1032:  46 Finished sending packets (total of 10)
1032:  47 Finished sending packets (total of 10)
1032:  48 Finished sending packets (total of 10)
1032:  49 Finished sending packets (total of 10)
1032:  50 Finished sending packets (total of 10)
1032:  51 Finished sending packets (total of 10)
1032:  52 Finished sending packets (total of 10)
1032:  53 Finished sending packets (total of 10)
1032:  54 Finished sending packets (total of 10)
1032:  55 Finished sending packets (total of 10)
1032:  56 Finished sending packets (total of 10)
1032:  57 Finished sending packets (total of 10)
1032:  58 Finished sending packets (total of 10)
1032:  59 Finished sending packets (total of 10)
1032:  60 Finished sending packets (total of 10)
1032:  61 Finished sending packets (total of 10)
1032:  62 Finished sending packets (total of 10)
1032:  63 Finished sending packets (total of 10)
3699: NIC 5 received all packets (total of 640)!
3716: NIC 38 received all packets (total of 640)!
3717: NIC 3 received all packets (total of 640)!
3765: NIC 46 received all packets (total of 640)!
3768: NIC 37 received all packets (total of 640)!
3787: NIC 12 received all packets (total of 640)!
3789: NIC 13 received all packets (total of 640)!
3792: NIC 39 received all packets (total of 640)!
3797: NIC 47 received all packets (total of 640)!
3803: NIC 36 received all packets (total of 640)!
3808: NIC 41 received all packets (total of 640)!
3816: NIC 26 received all packets (total of 640)!
3817: NIC 14 received all packets (total of 640)!
3831: NIC 40 received all packets (total of 640)!
3833: NIC 33 received all packets (total of 640)!
3833: NIC 43 received all packets (total of 640)!
3837: NIC 32 received all packets (total of 640)!
3839: NIC 44 received all packets (total of 640)!
3840: NIC 1 received all packets (total of 640)!
3841: NIC 15 received all packets (total of 640)!
3843: NIC 34 received all packets (total of 640)!
3847: NIC 4 received all packets (total of 640)!
3853: NIC 45 received all packets (total of 640)!
3854: NIC 42 received all packets (total of 640)!
3859: NIC 19 received all packets (total of 640)!
3859: NIC 57 received all packets (total of 640)!
3861: NIC 35 received all packets (total of 640)!
3863: NIC 55 received all packets (total of 640)!
3865: NIC 48 received all packets (total of 640)!
3867: NIC 22 received all packets (total of 640)!
3868: NIC 23 received all packets (total of 640)!
3872: NIC 9 received all packets (total of 640)!
3872: NIC 52 received all packets (total of 640)!
3875: NIC 27 received all packets (total of 640)!
3877: NIC 53 received all packets (total of 640)!
3883: NIC 7 received all packets (total of 640)!
3883: NIC 49 received all packets (total of 640)!
3884: NIC 18 received all packets (total of 640)!
3885: NIC 50 received all packets (total of 640)!
3885: NIC 54 received all packets (total of 640)!
3887: NIC 8 received all packets (total of 640)!
3888: NIC 0 received all packets (total of 640)!
3889: NIC 51 received all packets (total of 640)!
3891: NIC 2 received all packets (total of 640)!
3891: NIC 6 received all packets (total of 640)!
3895: NIC 58 received all packets (total of 640)!
3896: NIC 10 received all packets (total of 640)!
3896: NIC 59 received all packets (total of 640)!
3897: NIC 60 received all packets (total of 640)!
3899: NIC 11 received all packets (total of 640)!
3900: NIC 63 received all packets (total of 640)!
3901: NIC 56 received all packets (total of 640)!
3901: NIC 61 received all packets (total of 640)!
3904: NIC 62 received all packets (total of 640)!
3909: NIC 17 received all packets (total of 640)!
3914: NIC 20 received all packets (total of 640)!
3919: NIC 16 received all packets (total of 640)!
3919: NIC 24 received all packets (total of 640)!
3923: NIC 21 received all packets (total of 640)!
3924: NIC 25 received all packets (total of 640)!
3928: NIC 28 received all packets (total of 640)!
3934: NIC 30 received all packets (total of 640)!
3937: NIC 29 received all packets (total of 640)!
3938: NIC 31 received all packets (total of 640)!
5138: NIC 0 received all packets (total of 640)!
5138: NIC 32 received all packets (total of 640)!
5152: NIC 1 received all packets (total of 640)!
5152: NIC 33 received all packets (total of 640)!
5166: NIC 2 received all packets (total of 640)!
5166: NIC 34 received all packets (total of 640)!
5176: NIC 3 received all packets (total of 640)!
5176: NIC 35 received all packets (total of 640)!
5250: NIC 4 received all packets (total of 640)!
5250: NIC 36 received all packets (total of 640)!
5261: NIC 5 received all packets (total of 640)!
5261: NIC 37 received all packets (total of 640)!
5273: NIC 6 received all packets (total of 640)!
5273: NIC 38 received all packets (total of 640)!
5285: NIC 7 received all packets (total of 640)!
5285: NIC 39 received all packets (total of 640)!
5294: NIC 8 received all packets (total of 640)!
5294: NIC 40 received all packets (total of 640)!
5305: NIC 9 received all packets (total of 640)!
5305: NIC 41 received all packets (total of 640)!
5314: NIC 10 received all packets (total of 640)!
5314: NIC 42 received all packets (total of 640)!
5325: NIC 11 received all packets (total of 640)!
5325: NIC 43 received all packets (total of 640)!
5333: NIC 12 received all packets (total of 640)!
5333: NIC 44 received all packets (total of 640)!
5338: NIC 13 received all packets (total of 640)!
5338: NIC 45 received all packets (total of 640)!
5346: NIC 14 received all packets (total of 640)!
5346: NIC 46 received all packets (total of 640)!
5353: NIC 15 received all packets (total of 640)!
5353: NIC 47 received all packets (total of 640)!
5357: NIC 16 received all packets (total of 640)!
5357: NIC 48 received all packets (total of 640)!
5360: NIC 17 received all packets (total of 640)!
5360: NIC 49 received all packets (total of 640)!
5365: NIC 18 received all packets (total of 640)!
5365: NIC 50 received all packets (total of 640)!
5368: NIC 19 received all packets (total of 640)!
5368: NIC 51 received all packets (total of 640)!
5373: NIC 20 received all packets (total of 640)!
5373: NIC 52 received all packets (total of 640)!
5376: NIC 21 received all packets (total of 640)!
5376: NIC 53 received all packets (total of 640)!
5381: NIC 22 received all packets (total of 640)!
5381: NIC 54 received all packets (total of 640)!
5383: NIC 23 received all packets (total of 640)!
5383: NIC 55 received all packets (total of 640)!
5385: NIC 24 received all packets (total of 640)!
5385: NIC 56 received all packets (total of 640)!
5387: NIC 25 received all packets (total of 640)!
5387: NIC 57 received all packets (total of 640)!
5389: NIC 26 received all packets (total of 640)!
5389: NIC 58 received all packets (total of 640)!
5391: NIC 27 received all packets (total of 640)!
5391: NIC 59 received all packets (total of 640)!
5393: NIC 28 received all packets (total of 640)!
5393: NIC 60 received all packets (total of 640)!
5395: NIC 29 received all packets (total of 640)!
5395: NIC 61 received all packets (total of 640)!
5397: NIC 30 received all packets (total of 640)!
5397: NIC 62 received all packets (total of 640)!
5399: NIC 31 received all packets (total of 640)!
5399: NIC 63 received all packets (total of 640)!
Nic 63 had 392 stalled cycles.
Nic 62 had 392 stalled cycles.
Nic 61 had 392 stalled cycles.
Nic 60 had 392 stalled cycles.
Nic 59 had 392 stalled cycles.
Nic 58 had 392 stalled cycles.
Nic 57 had 392 stalled cycles.
Nic 56 had 392 stalled cycles.
Nic 55 had 392 stalled cycles.
Nic 54 had 392 stalled cycles.
Nic 53 had 392 stalled cycles.
Nic 52 had 392 stalled cycles.
Nic 51 had 392 stalled cycles.
Nic 50 had 392 stalled cycles.
Nic 49 had 392 stalled cycles.
Nic 48 had 392 stalled cycles.
Nic 47 had 392 stalled cycles.
Nic 46 had 392 stalled cycles.
Nic 45 had 392 stalled cycles.
Nic 44 had 392 stalled cycles.
Nic 43 had 392 stalled cycles.
Nic 42 had 392 stalled cycles.
Nic 41 had 392 stalled cycles.
Nic 40 had 392 stalled cycles.
Nic 39 had 392 stalled cycles.
Nic 38 had 392 stalled cycles.
Nic 37 had 392 stalled cycles.
Nic 36 had 392 stalled cycles.
Nic 35 had 392 stalled cycles.
Nic 34 had 392 stalled cycles.
Nic 33 had 392 stalled cycles.
Nic 32 had 392 stalled cycles.
Nic 31 had 392 stalled cycles.
Nic 30 had 392 stalled cycles.
Nic 29 had 392 stalled cycles.
Nic 28 had 392 stalled cycles.
Nic 27 had 392 stalled cycles.
Nic 26 had 392 stalled cycles.
Nic 25 had 392 stalled cycles.
Nic 24 had 392 stalled cycles.
Nic 23 had 392 stalled cycles.
Nic 22 had 392 stalled cycles.
Nic 21 had 392 stalled cycles.
Nic 20 had 392 stalled cycles.
Nic 19 had 392 stalled cycles.
Nic 18 had 392 stalled cycles.
Nic 17 had 392 stalled cycles.
Nic 16 had 392 stalled cycles.
Nic 15 had 392 stalled cycles.
Nic 14 had 392 stalled cycles.
Nic 13 had 392 stalled cycles.
Nic 12 had 392 stalled cycles.
Nic 11 had 392 stalled cycles.
Nic 10 had 392 stalled cycles.
Nic 9 had 392 stalled cycles.
Nic 8 had 392 stalled cycles.
Nic 7 had 392 stalled cycles.
Nic 6 had 392 stalled cycles.
Nic 5 had 392 stalled cycles.
Nic 4 had 392 stalled cycles.
Nic 3 had 392 stalled cycles.
Nic 2 had 392 stalled cycles.
Nic 1 had 392 stalled cycles.
Nic 0 had 392 stalled cycles.
Nic 63 had 392 stalled cycles.
Nic 62 had 392 stalled cycles.
Nic 61 had 392 stalled cycles.
Nic 60 had 392 stalled cycles.
Nic 59 had 392 stalled cycles.
Nic 58 had 392 stalled cycles.
Nic 57 had 392 stalled cycles.
Nic 56 had 392 stalled cycles.
Nic 55 had 392 stalled cycles.
Nic 54 had 392 stalled cycles.
Nic 53 had 392 stalled cycles.
Nic 52 had 392 stalled cycles.
Nic 51 had 392 stalled cycles.
Nic 50 had 392 stalled cycles.
Nic 49 had 392 stalled cycles.
Nic 48 had 392 stalled cycles.
Nic 47 had 392 stalled cycles.
Nic 46 had 392 stalled cycles.
Nic 45 had 392 stalled cycles.
Nic 44 had 392 stalled cycles.
Nic 43 had 392 stalled cycles.
Nic 42 had 392 stalled cycles.
Nic 41 had 392 stalled cycles.
Nic 40 had 392 stalled cycles.
Nic 39 had 392 stalled cycles.
Nic 38 had 392 stalled cycles.
Nic 37 had 392 stalled cycles.
Nic 36 had 392 stalled cycles.
Nic 35 had 392 stalled cycles.
Nic 34 had 392 stalled cycles.
Nic 33 had 392 stalled cycles.
Nic 32 had 392 stalled cycles.
Nic 31 had 392 stalled cycles.
Nic 30 had 392 stalled cycles.
Nic 29 had 392 stalled cycles.
Nic 28 had 392 stalled cycles.
Nic 27 had 392 stalled cycles.
Nic 26 had 392 stalled cycles.
Nic 25 had 392 stalled cycles.
Nic 24 had 392 stalled cycles.
Nic 23 had 392 stalled cycles.
Nic 22 had 392 stalled cycles.
Nic 21 had 392 stalled cycles.
Nic 20 had 392 stalled cycles.
Nic 19 had 392 stalled cycles.
Nic 18 had 392 stalled cycles.
Nic 17 had 392 stalled cycles.
Nic 16 had 392 stalled cycles.
Nic 15 had 392 stalled cycles.
Nic 14 had 392 stalled cycles.
Nic 13 had 392 stalled cycles.
Nic 12 had 392 stalled cycles.
Nic 11 had 392 stalled cycles.
Nic 10 had 392 stalled cycles.
Nic 9 had 392 stalled cycles.
Nic 8 had 392 stalled cycles.
Nic 7 had 392 stalled cycles.
Nic 6 had 392 stalled cycles.
Nic 5 had 392 stalled cycles.
Nic 4 had 392 stalled cycles.
Nic 3 had 392 stalled cycles.
Nic 2 had 392 stalled cycles.
Nic 1 had 392 stalled cycles.
Nic 0 had 392 stalled cycles.
Simulation is complete, simulated time: 5.399 us
