SSTARIEL: Function profiling is disabled.
Allocating arrays of size 2000 elements.
Done allocating arrays.
Perfoming the fast_c compute loop...
Sum of arrays is: 6999500.000000
Freeing arrays...
Done.
CORE ID: 0 PROCESSED AN EXIT EVENT

Ariel Memory Management Statistics:
---------------------------------------------------------------------
Page Table Sizes:
- Map entries         375
Page Table Coverages:
- Bytes               1536000
 a0.read_requests.0 : Accumulator : Sum.u64 = 358760; SumSQ.u64 = 358760; Count.u64 = 358760; Min.u64 = 1; Max.u64 = 1; 
 a0.write_requests.0 : Accumulator : Sum.u64 = 163938; SumSQ.u64 = 163938; Count.u64 = 163938; Min.u64 = 1; Max.u64 = 1; 
 a0.instruction_count.0 : Accumulator : Sum.u64 = 1509122; SumSQ.u64 = 1509122; Count.u64 = 1509122; Min.u64 = 1; Max.u64 = 1; 
 a0.cycles.0 : Accumulator : Sum.u64 = 17843878; SumSQ.u64 = 17843878; Count.u64 = 17843878; Min.u64 = 1; Max.u64 = 1; 
 a0.active_cycles.0 : Accumulator : Sum.u64 = 1145946; SumSQ.u64 = 1145946; Count.u64 = 1145946; Min.u64 = 1; Max.u64 = 1; 
 l1cache.CacheHits : Accumulator : Sum.u64 = 509638; SumSQ.u64 = 509638; Count.u64 = 509638; Min.u64 = 1; Max.u64 = 1; 
 l1cache.CacheMisses : Accumulator : Sum.u64 = 13195; SumSQ.u64 = 13195; Count.u64 = 13195; Min.u64 = 1; Max.u64 = 1; 
Simulation is complete, simulated time: 17.8439 ms
